../Core/Src/main.c:10091:6:HAL_TIM_PeriodElapsedCallback	16	static
../Core/Src/main.c:10121:5:main	8	static
../Core/Src/main.c:10195:6:SystemClock_Config	88	static
../Core/Src/main.c:10241:13:MX_ETH_Init	8	static
../Core/Src/main.c:10290:13:MX_I2S2_Init	8	static
../Core/Src/main.c:10324:13:MX_TIM2_Init	32	static
../Core/Src/main.c:10369:13:MX_USART2_UART_Init	8	static
../Core/Src/main.c:10402:13:MX_USART3_UART_Init	8	static
../Core/Src/main.c:10435:13:MX_USB_OTG_FS_PCD_Init	8	static
../Core/Src/main.c:10470:13:MX_GPIO_Init	64	static
../Core/Src/main.c:10560:6:HAL_GPIO_EXTI_Callback	16	static
../Core/Src/main.c:10585:6:Error_Handler	4	static,ignoring_inline_asm
